apiVersion: policy/v1
kind: PodDisruptionBudget
metadata:
  name: test-resource-ogcapi-controller
  namespace: default
  labels:
    pdok.nl/app: gokoala
  ownerReferences:
    - apiVersion: pdok.nl/v1alpha1
      kind: OGCAPI
      name: test-resource
      uid: ""
      blockOwnerDeletion: true
      controller: true
spec:
  maxUnavailable: 1
  selector:
    matchLabels:
      pdok.nl/app: gokoala